
PLAY [Running service stop script] *************************************************************************************************************************************

TASK [Gathering Facts] *************************************************************************************************************************************************
ok: [10.210.162.92]

TASK [stop the app service] ********************************************************************************************************************************************
fatal: [10.210.162.92]: FAILED! => {"changed": true, "cmd": "sh -x /tmp/test.sh > /tmp/test.log", "delta": "0:00:00.008367", "end": "2021-01-21 09:52:47.695038", "msg": "non-zero return code", "rc": 127, "start": "2021-01-21 09:52:47.686671", "stderr": "+ echo hello-world\n+ Ge\n/tmp/test.sh: line 2: Ge: command not found", "stderr_lines": ["+ echo hello-world", "+ Ge", "/tmp/test.sh: line 2: Ge: command not found"], "stdout": "", "stdout_lines": []}

PLAY RECAP *************************************************************************************************************************************************************
10.210.162.92              : ok=1    changed=0    unreachable=0    failed=1    skipped=0    rescued=0    ignored=0   


PLAY [Running service stop script] *************************************************************************************************************************************

TASK [Gathering Facts] *************************************************************************************************************************************************
ok: [10.210.162.92]

TASK [stop the app service] ********************************************************************************************************************************************
fatal: [10.210.162.92]: FAILED! => {"changed": true, "cmd": "sh -x /tmp/test.sh > /tmp/test.log", "delta": "0:00:00.009123", "end": "2021-01-21 09:54:00.722926", "msg": "non-zero return code", "rc": 127, "start": "2021-01-21 09:54:00.713803", "stderr": "+ echo hello-world\n+ Ge\n/tmp/test.sh: line 2: Ge: command not found", "stderr_lines": ["+ echo hello-world", "+ Ge", "/tmp/test.sh: line 2: Ge: command not found"], "stdout": "", "stdout_lines": []}

PLAY RECAP *************************************************************************************************************************************************************
10.210.162.92              : ok=1    changed=0    unreachable=0    failed=1    skipped=0    rescued=0    ignored=0   

